[    0.000000] Linux version 6.2.2 (alumpish@DESKTOP-86N7IDJ) (gcc (Ubuntu 9.4.0-1ubuntu1~20.04.1) 9.4.0, GNU ld (GNU B3
[    0.000000] Command line: console=ttyS0 root=/dev/sda earlyprintk=serial net.ifnames=0 nokaslr
[    0.000000] x86/fpu: x87 FPU will use FXSAVE
[    0.000000] signal: max sigframe size: 1440
[    0.000000] BIOS-provided physical RAM map:
[    0.000000] BIOS-e820: [mem 0x0000000000000000-0x000000000009fbff] usable
[    0.000000] BIOS-e820: [mem 0x000000000009fc00-0x000000000009ffff] reserved
[    0.000000] BIOS-e820: [mem 0x00000000000f0000-0x00000000000fffff] reserved
[    0.000000] BIOS-e820: [mem 0x0000000000100000-0x000000007ffdffff] usable
[    0.000000] BIOS-e820: [mem 0x000000007ffe0000-0x000000007fffffff] reserved
[    0.000000] BIOS-e820: [mem 0x00000000feffc000-0x00000000feffffff] reserved
[    0.000000] BIOS-e820: [mem 0x00000000fffc0000-0x00000000ffffffff] reserved
[    0.000000] printk: bootconsole [earlyser0] enabled
[    0.000000] NX (Execute Disable) protection: active
[    0.000000] SMBIOS 2.8 present.
[    0.000000] DMI: QEMU Standard PC (i440FX + PIIX, 1996), BIOS 1.13.0-1ubuntu1.1 04/01/2014
[    0.000000] Hypervisor detected: KVM
[    0.000000] kvm-clock: Using msrs 4b564d01 and 4b564d00
[    0.000003] kvm-clock: using sched offset of 532895366 cycles
[    0.003302] clocksource: kvm-clock: mask: 0xffffffffffffffff max_cycles: 0x1cd42e4dffb, max_idle_ns: 881590591483 ns
[    0.014266] tsc: Detected 2592.006 MHz processor
[    0.020868] e820: update [mem 0x00000000-0x00000fff] usable ==> reserved
[    0.020880] e820: remove [mem 0x000a0000-0x000fffff] usable
[    0.020891] last_pfn = 0x7ffe0 max_arch_pfn = 0x400000000
[    0.023315] x86/PAT: PAT not supported by the CPU.
[    0.025641] x86/PAT: Configuration [0-7]: WB  WT  UC- UC  WB  WT  UC- UC
[    0.038161] found SMP MP-table at [mem 0x000f5c80-0x000f5c8f]
[    0.041902] ACPI: Early table checksum verification disabled
[    0.044225] ACPI: RSDP 0x00000000000F5A70 000014 (v00 BOCHS )
[    0.046462] ACPI: RSDT 0x000000007FFE15C9 000030 (v01 BOCHS  BXPCRSDT 00000001 BXPC 00000001)
[    0.049660] ACPI: FACP 0x000000007FFE149D 000074 (v01 BOCHS  BXPCFACP 00000001 BXPC 00000001)
[    0.053357] ACPI: DSDT 0x000000007FFE0040 00145D (v01 BOCHS  BXPCDSDT 00000001 BXPC 00000001)
[    0.057350] ACPI: FACS 0x000000007FFE0000 000040
[    0.059113] ACPI: APIC 0x000000007FFE1511 000080 (v01 BOCHS  BXPCAPIC 00000001 BXPC 00000001)
[    0.062508] ACPI: HPET 0x000000007FFE1591 000038 (v01 BOCHS  BXPCHPET 00000001 BXPC 00000001)
[    0.065718] ACPI: Reserving FACP table memory at [mem 0x7ffe149d-0x7ffe1510]
[    0.068772] ACPI: Reserving DSDT table memory at [mem 0x7ffe0040-0x7ffe149c]
[    0.072313] ACPI: Reserving FACS table memory at [mem 0x7ffe0000-0x7ffe003f]
[    0.076299] ACPI: Reserving APIC table memory at [mem 0x7ffe1511-0x7ffe1590]
[    0.080204] ACPI: Reserving HPET table memory at [mem 0x7ffe1591-0x7ffe15c8]
[    0.084527] No NUMA configuration found
[    0.085960] Faking a node at [mem 0x0000000000000000-0x000000007ffdffff]
[    0.089185] NODE_DATA(0) allocated [mem 0x7ffdc000-0x7ffdffff]
[    0.091549] Zone ranges:
[    0.092994]   DMA      [mem 0x0000000000001000-0x0000000000ffffff]
[    0.095621]   DMA32    [mem 0x0000000001000000-0x000000007ffdffff]
[    0.098585]   Normal   empty
[    0.099619] Movable zone start for each node
[    0.101353] Early memory node ranges
[    0.103071]   node   0: [mem 0x0000000000001000-0x000000000009efff]
[    0.105824]   node   0: [mem 0x0000000000100000-0x000000007ffdffff]
[    0.108500] Initmem setup node 0 [mem 0x0000000000001000-0x000000007ffdffff]
[    0.112326] On node 0, zone DMA: 1 pages in unavailable ranges
[    0.112421] On node 0, zone DMA: 97 pages in unavailable ranges
[    0.131406] On node 0, zone DMA32: 32 pages in unavailable ranges
[    0.252719] kasan: KernelAddressSanitizer initialized
[    0.267129] ACPI: PM-Timer IO Port: 0x608
[    0.271003] ACPI: LAPIC_NMI (acpi_id[0xff] dfl dfl lint[0x1])
[    0.277242] IOAPIC[0]: apic_id 0, version 17, address 0xfec00000, GSI 0-23
[    0.285957] ACPI: INT_SRC_OVR (bus 0 bus_irq 0 global_irq 2 dfl dfl)
[    0.293461] ACPI: INT_SRC_OVR (bus 0 bus_irq 5 global_irq 5 high level)
[    0.304124] ACPI: INT_SRC_OVR (bus 0 bus_irq 9 global_irq 9 high level)
[    0.312133] ACPI: INT_SRC_OVR (bus 0 bus_irq 10 global_irq 10 high level)
[    0.319949] ACPI: INT_SRC_OVR (bus 0 bus_irq 11 global_irq 11 high level)
[    0.330867] ACPI: Using ACPI (MADT) for SMP configuration information
[    0.336925] ACPI: HPET id: 0x8086a201 base: 0xfed00000
[    0.341938] smpboot: Allowing 2 CPUs, 0 hotplug CPUs
[    0.346318] PM: hibernation: Registered nosave memory: [mem 0x00000000-0x00000fff]
[    0.354820] PM: hibernation: Registered nosave memory: [mem 0x0009f000-0x0009ffff]
[    0.359677] PM: hibernation: Registered nosave memory: [mem 0x000a0000-0x000effff]
[    0.366531] PM: hibernation: Registered nosave memory: [mem 0x000f0000-0x000fffff]
[    0.374224] [mem 0x80000000-0xfeffbfff] available for PCI devices
[    0.378838] Booting paravirtualized kernel on KVM
[    0.383737] clocksource: refined-jiffies: mask: 0xffffffff max_cycles: 0xffffffff, max_idle_ns: 1910969940391419 ns
[    0.420121] setup_percpu: NR_CPUS:64 nr_cpumask_bits:2 nr_cpu_ids:2 nr_node_ids:1
[    0.426867] percpu: Embedded 66 pages/cpu s230824 r8192 d31320 u1048576
[    0.431723] pcpu-alloc: s230824 r8192 d31320 u1048576 alloc=1*2097152
[    0.431975] pcpu-alloc: [0] 0 1
[    0.433146] Fallback order for Node 0: 0
[    0.436597] Built 1 zonelists, mobility grouping on.  Total pages: 515808
[    0.441287] Policy zone: DMA32
[    0.443702] Kernel command line: console=ttyS0 root=/dev/sda earlyprintk=serial net.ifnames=0 nokaslr
[    0.451364] Unknown kernel command line parameters "nokaslr", will be passed to user space.
[    0.458495] Dentry cache hash table entries: 262144 (order: 9, 2097152 bytes, linear)
[    0.463692] Inode-cache hash table entries: 131072 (order: 8, 1048576 bytes, linear)
[    0.469602] mem auto-init: stack:off, heap alloc:off, heap free:off
[    0.475905] stackdepot hash table entries: 1048576 (order: 11, 8388608 bytes, linear)
[    0.579765] Memory: 1696584K/2096632K available (47104K kernel code, 7837K rwdata, 10036K rodata, 7580K init, 1348K )
[    0.591012] SLUB: HWalign=64, Order=0-3, MinObjects=0, CPUs=2, Nodes=1
[    0.596860] Kernel/User page tables isolation: enabled
[    0.633941] Dynamic Preempt: voluntary
[    0.637535] rcu: Preemptible hierarchical RCU implementation.
[    0.640793] rcu:     RCU event tracing is enabled.
[    0.643721] rcu:     RCU restricting CPUs from NR_CPUS=64 to nr_cpu_ids=2.
[    0.646947]  Trampoline variant of Tasks RCU enabled.
[    0.650251] rcu: RCU calculated value of scheduler-enlistment delay is 100 jiffies.
[    0.654118] rcu: Adjusting geometry for rcu_fanout_leaf=16, nr_cpu_ids=2
[    0.683133] NR_IRQS: 4352, nr_irqs: 440, preallocated irqs: 16
[    0.687792] rcu: srcu_init: Setting srcu_struct sizes based on contention.
[    0.707267] Console: colour VGA+ 80x25
[    0.709722] printk: console [ttyS0] enabled
[    0.714343] printk: bootconsole [earlyser0] disabled
[    0.720407] ACPI: Core revision 20221020
[    0.724629] clocksource: hpet: mask: 0xffffffff max_cycles: 0xffffffff, max_idle_ns: 19112604467 ns
[    0.730214] APIC: Switch to symmetric I/O mode setup
[    0.738410] ..TIMER: vector=0x30 apic1=0 pin1=2 apic2=-1 pin2=-1
[    0.741749] clocksource: tsc-early: mask: 0xffffffffffffffff max_cycles: 0x255cbc978bf, max_idle_ns: 440795251759 ns
[    0.747621] Calibrating delay loop (skipped) preset value.. 5184.01 BogoMIPS (lpj=2592006)
[    0.748476] pid_max: default: 32768 minimum: 301
[    0.750668] LSM: initializing lsm=capability,integrity,selinux
[    0.751754] SELinux:  Initializing.
[    0.753935] Mount-cache hash table entries: 4096 (order: 3, 32768 bytes, linear)
[    0.755519] Mountpoint-cache hash table entries: 4096 (order: 3, 32768 bytes, linear)
[    0.764227] Last level iTLB entries: 4KB 0, 2MB 0, 4MB 0
[    0.764477] Last level dTLB entries: 4KB 0, 2MB 0, 4MB 0, 1GB 0
[    0.766603] Spectre V1 : Mitigation: usercopy/swapgs barriers and __user pointer sanitization
[    0.767538] Spectre V2 : Mitigation: Retpolines
[    0.768479] Spectre V2 : Spectre v2 / SpectreRSB mitigation: Filling RSB on context switch
[    0.769482] Spectre V2 : Spectre v2 / SpectreRSB : Filling RSB on VMEXIT
[    0.770522] Speculative Store Bypass: Vulnerable
[    0.771549] MDS: Vulnerable: Clear CPU buffers attempted, no microcode
[    0.772478] MMIO Stale Data: Unknown: No mitigations
[    0.832872] Freeing SMP alternatives memory: 44K
[    0.936359] smpboot: CPU0: Intel QEMU Virtual CPU version 2.5+ (family: 0x6, model: 0x6, stepping: 0x3)
[    0.936925] cblist_init_generic: Setting adjustable number of callback queues.
[    0.937474] cblist_init_generic: Setting shift to 1 and lim to 1.
[    0.938540] Performance Events: PMU not available due to virtualization, using software events only.
[    0.940735] rcu: Hierarchical SRCU implementation.
[    0.941477] rcu:     Max phase no-delay instances is 400.
[    0.944577] smp: Bringing up secondary CPUs ...
[    0.945767] x86: Booting SMP configuration:
[    0.946478] .... node  #0, CPUs:      #1
[    0.052528] smpboot: CPU 1 Converting physical 0 to logical die 1
[    0.954666] smp: Brought up 1 node, 2 CPUs
[    0.955478] smpboot: Max logical packages: 2
[    0.956475] smpboot: Total of 2 processors activated (10368.02 BogoMIPS)
[    0.959662] devtmpfs: initialized
[    0.966535] clocksource: jiffies: mask: 0xffffffff max_cycles: 0xffffffff, max_idle_ns: 1911260446275000 ns
[    0.967481] futex hash table entries: 512 (order: 3, 32768 bytes, linear)
[    0.969725] PM: RTC time: 03:38:28, date: 2023-03-05
[    0.972139] NET: Registered PF_NETLINK/PF_ROUTE protocol family
[    0.973987] audit: initializing netlink subsys (disabled)
[    0.975484] audit: type=2000 audit(1677987508.785:1): state=initialized audit_enabled=0 res=1
[    0.976144] thermal_sys: Registered thermal governor 'step_wise'
[    0.976475] thermal_sys: Registered thermal governor 'user_space'
[    0.977602] cpuidle: using governor menu
[    0.981417] PCI: Using configuration type 1 for base access
[    0.982853] kprobes: kprobe jump-optimization is enabled. All kprobes are optimized if possible.
[    1.103471] HugeTLB: registered 2.00 MiB page size, pre-allocated 0 pages
[    1.105476] HugeTLB: 28 KiB vmemmap can be freed for a 2.00 MiB page
[    1.109471] ACPI: Added _OSI(Module Device)
[    1.110476] ACPI: Added _OSI(Processor Device)
[    1.112477] ACPI: Added _OSI(3.0 _SCP Extensions)
[    1.114476] ACPI: Added _OSI(Processor Aggregator Device)
[    1.133310] ACPI: 1 ACPI AML tables successfully acquired and loaded
[    1.615754] ACPI: Interpreter enabled
[    1.617672] ACPI: PM: (supports S0 S3 S4 S5)
[    1.619476] ACPI: Using IOAPIC for interrupt routing
[    1.621603] PCI: Using host bridge windows from ACPI; if necessary, use "pci=nocrs" and report a bug
[    1.624474] PCI: Using E820 reservations for host bridge windows
[    1.627315] ACPI: Enabled 2 GPEs in block 00 to 0F
[    1.663786] ACPI: PCI Root Bridge [PCI0] (domain 0000 [bus 00-ff])
[    1.666511] acpi PNP0A03:00: _OSC: OS supports [ASPM ClockPM Segments MSI HPX-Type3]
[    1.668478] acpi PNP0A03:00: _OSC: not requesting OS control; OS requires [ExtendedConfig ASPM ClockPM MSI]
[    1.672700] acpi PNP0A03:00: fail to add MMCONFIG information, can't access extended configuration space under this e
[    1.677174] PCI host bridge to bus 0000:00
[    1.678495] pci_bus 0000:00: root bus resource [io  0x0000-0x0cf7 window]
[    1.681486] pci_bus 0000:00: root bus resource [io  0x0d00-0xffff window]
[    1.683481] pci_bus 0000:00: root bus resource [mem 0x000a0000-0x000bffff window]
[    1.686485] pci_bus 0000:00: root bus resource [mem 0x80000000-0xfebfffff window]
[    1.689480] pci_bus 0000:00: root bus resource [mem 0x100000000-0x17fffffff window]
[    1.692493] pci_bus 0000:00: root bus resource [bus 00-ff]
[    1.694646] pci 0000:00:00.0: [8086:1237] type 00 class 0x060000
[    1.699064] pci 0000:00:01.0: [8086:7000] type 00 class 0x060100
[    1.703788] pci 0000:00:01.1: [8086:7010] type 00 class 0x010180
[    1.713291] pci 0000:00:01.1: reg 0x20: [io  0xc040-0xc04f]
[    1.716545] pci 0000:00:01.1: legacy IDE quirk: reg 0x10: [io  0x01f0-0x01f7]
[    1.719477] pci 0000:00:01.1: legacy IDE quirk: reg 0x14: [io  0x03f6]
[    1.721479] pci 0000:00:01.1: legacy IDE quirk: reg 0x18: [io  0x0170-0x0177]
[    1.724494] pci 0000:00:01.1: legacy IDE quirk: reg 0x1c: [io  0x0376]
[    1.727083] pci 0000:00:01.3: [8086:7113] type 00 class 0x068000
[    1.730320] pci 0000:00:01.3: quirk: [io  0x0600-0x063f] claimed by PIIX4 ACPI
[    1.732507] pci 0000:00:01.3: quirk: [io  0x0700-0x070f] claimed by PIIX4 SMB
[    1.736477] pci 0000:00:02.0: [1234:1111] type 00 class 0x030000
[    1.742598] pci 0000:00:02.0: reg 0x10: [mem 0xfd000000-0xfdffffff pref]
[    1.750588] pci 0000:00:02.0: reg 0x18: [mem 0xfebb0000-0xfebb0fff]
[    1.771602] pci 0000:00:02.0: reg 0x30: [mem 0xfeba0000-0xfebaffff pref]
[    1.775886] pci 0000:00:02.0: Video device with shadowed ROM at [mem 0x000c0000-0x000dffff]
[    1.786780] pci 0000:00:03.0: [8086:100e] type 00 class 0x020000
[    1.792479] pci 0000:00:03.0: reg 0x10: [mem 0xfeb80000-0xfeb9ffff]
[    1.798503] pci 0000:00:03.0: reg 0x14: [io  0xc000-0xc03f]
[    1.814484] pci 0000:00:03.0: reg 0x30: [mem 0xfeb00000-0xfeb7ffff pref]
[    1.832205] ACPI: PCI: Interrupt link LNKA configured for IRQ 10
[    1.838931] ACPI: PCI: Interrupt link LNKB configured for IRQ 10
[    1.843097] ACPI: PCI: Interrupt link LNKC configured for IRQ 11
[    1.848275] ACPI: PCI: Interrupt link LNKD configured for IRQ 11
[    1.852085] ACPI: PCI: Interrupt link LNKS configured for IRQ 9
[    1.856688] iommu: Default domain type: Translated
[    1.859478] iommu: DMA domain TLB invalidation policy: lazy mode
[    1.862030] SCSI subsystem initialized
[    1.865738] libata version 3.00 loaded.
[    1.865738] ACPI: bus type USB registered
[    1.867562] usbcore: registered new interface driver usbfs
[    1.869483] usbcore: registered new interface driver hub
[    1.871551] usbcore: registered new device driver usb
[    1.875655] pps_core: LinuxPPS API ver. 1 registered
[    1.877475] pps_core: Software ver. 5.3.6 - Copyright 2005-2007 Rodolfo Giometti <giometti@linux.it>
[    1.881518] PTP clock support registered
[    1.884134] Advanced Linux Sound Architecture Driver Initialized.
[    1.889179] NetLabel: Initializing
[    1.891475] NetLabel:  domain hash size = 128
[    1.894476] NetLabel:  protocols = UNLABELED CIPSOv4 CALIPSO
[    1.897725] NetLabel:  unlabeled traffic allowed by default
[    1.899796] PCI: Using ACPI for IRQ routing
[    1.901505] PCI: pci_cache_line_size set to 64 bytes
[    1.901537] e820: reserve RAM buffer [mem 0x0009fc00-0x0009ffff]
[    1.901589] e820: reserve RAM buffer [mem 0x7ffe0000-0x7fffffff]
[    1.901824] pci 0000:00:02.0: vgaarb: setting as boot VGA device
[    1.902471] pci 0000:00:02.0: vgaarb: bridge control possible
[    1.902471] pci 0000:00:02.0: vgaarb: VGA device added: decodes=io+mem,owns=io+mem,locks=none
[    1.909475] vgaarb: loaded
[    1.910821] hpet: 3 channels of 0 reserved for per-cpu timers
[    1.913533] hpet0: at MMIO 0xfed00000, IRQs 2, 8, 0
[    1.915478] hpet0: 3 comparators, 64-bit 100.000000 MHz counter
[    1.920692] clocksource: Switched to clocksource kvm-clock
[    1.923521] VFS: Disk quotas dquot_6.6.0
[    1.925655] VFS: Dquot-cache hash table entries: 512 (order 0, 4096 bytes)
[    1.928564] pnp: PnP ACPI init
[    1.931751] pnp 00:03: [dma 2]
[    1.935383] pnp: PnP ACPI: found 6 devices
[    1.950649] clocksource: acpi_pm: mask: 0xffffff max_cycles: 0xffffff, max_idle_ns: 2085701024 ns
[    1.953657] NET: Registered PF_INET protocol family
[    1.955900] IP idents hash table entries: 32768 (order: 6, 262144 bytes, linear)
[    1.960629] tcp_listen_portaddr_hash hash table entries: 1024 (order: 2, 16384 bytes, linear)
[    1.963280] Table-perturb hash table entries: 65536 (order: 6, 262144 bytes, linear)
[    1.966272] TCP established hash table entries: 16384 (order: 5, 131072 bytes, linear)
[    1.969659] TCP bind hash table entries: 16384 (order: 7, 524288 bytes, linear)
[    1.972851] TCP: Hash tables configured (established 16384 bind 16384)
[    1.975059] UDP hash table entries: 1024 (order: 3, 32768 bytes, linear)
[    1.977371] UDP-Lite hash table entries: 1024 (order: 3, 32768 bytes, linear)
[    1.980820] NET: Registered PF_UNIX/PF_LOCAL protocol family
[    1.984209] RPC: Registered named UNIX socket transport module.
[    1.986172] RPC: Registered udp transport module.
[    1.988083] RPC: Registered tcp transport module.
[    1.989639] RPC: Registered tcp NFSv4.1 backchannel transport module.
[    1.994302] pci_bus 0000:00: resource 4 [io  0x0000-0x0cf7 window]
[    1.997218] pci_bus 0000:00: resource 5 [io  0x0d00-0xffff window]
[    2.000200] pci_bus 0000:00: resource 6 [mem 0x000a0000-0x000bffff window]
[    2.002778] pci_bus 0000:00: resource 7 [mem 0x80000000-0xfebfffff window]
[    2.005087] pci_bus 0000:00: resource 8 [mem 0x100000000-0x17fffffff window]
[    2.007746] pci 0000:00:01.0: PIIX3: Enabling Passive Release
[    2.009363] pci 0000:00:00.0: Limiting direct PCI/PCI transfers
[    2.011804] PCI: CLS 0 bytes, default 64
[    2.014405] clocksource: tsc: mask: 0xffffffffffffffff max_cycles: 0x255cbc978bf, max_idle_ns: 440795251759 ns
[    2.028932] Initialise system trusted keyrings
[    2.033028] workingset: timestamp_bits=56 max_order=19 bucket_order=0
[    2.037728] NFS: Registering the id_resolver key type
[    2.040662] Key type id_resolver registered
[    2.043038] Key type id_legacy registered
[    2.045165] 9p: Installing v9fs 9p2000 file system support
[    2.055719] Key type asymmetric registered
[    2.057019] Asymmetric key parser 'x509' registered
[    2.058667] Block layer SCSI generic (bsg) driver version 0.4 loaded (major 251)
[    2.061374] io scheduler mq-deadline registered
[    2.063586] io scheduler kyber registered
[    2.066623] input: Power Button as /devices/LNXSYSTM:00/LNXPWRBN:00/input/input0
[    2.071141] ACPI: button: Power Button [PWRF]
[    2.075679] Serial: 8250/16550 driver, 4 ports, IRQ sharing enabled
[    2.080348] 00:05: ttyS0 at I/O 0x3f8 (irq = 4, base_baud = 115200) is a 16550A
[    2.087146] Non-volatile memory driver v1.3
[    2.089809] Linux agpgart interface v0.103
[    2.091906] ACPI: bus type drm_connector registered
[    2.104904] loop: module loaded
[    2.106345] ata_piix 0000:00:01.1: version 2.13
[    2.109725] scsi host0: ata_piix
[    2.112393] scsi host1: ata_piix
[    2.114926] ata1: PATA max MWDMA2 cmd 0x1f0 ctl 0x3f6 bmdma 0xc040 irq 14
[    2.117435] ata2: PATA max MWDMA2 cmd 0x170 ctl 0x376 bmdma 0xc048 irq 15
[    2.121148] e100: Intel(R) PRO/100 Network Driver
[    2.122550] e100: Copyright(c) 1999-2006 Intel Corporation
[    2.124728] e1000: Intel(R) PRO/1000 Network Driver
[    2.126535] e1000: Copyright (c) 1999-2006 Intel Corporation.
[    2.271926] ata1: found unknown device (class 0)
[    2.274359] ata1.00: ATA-7: QEMU HARDDISK, 2.5+, max UDMA/100
[    2.276119] ata1.00: 4194304 sectors, multi 16: LBA48
[    2.279286] scsi 0:0:0:0: Direct-Access     ATA      QEMU HARDDISK    2.5+ PQ: 0 ANSI: 5
[    2.282374] ata2: found unknown device (class 0)
[    2.285766] ata2.00: ATAPI: QEMU DVD-ROM, 2.5+, max UDMA/100
[    2.288247] scsi 0:0:0:0: Attached scsi generic sg0 type 0
[    2.291051] sd 0:0:0:0: [sda] 4194304 512-byte logical blocks: (2.15 GB/2.00 GiB)
[    2.294824] sd 0:0:0:0: [sda] Write Protect is off
[    2.298397] sd 0:0:0:0: [sda] Mode Sense: 00 3a 00 00
[    2.298701] sd 0:0:0:0: [sda] Write cache: enabled, read cache: enabled, doesn't support DPO or FUA
[    2.302960] scsi 1:0:0:0: CD-ROM            QEMU     QEMU DVD-ROM     2.5+ PQ: 0 ANSI: 5
[    2.304291] sd 0:0:0:0: [sda] Preferred minimum I/O size 512 bytes
[    2.317314] sd 0:0:0:0: [sda] Attached SCSI disk
[    2.331338] sr 1:0:0:0: [sr0] scsi3-mmc drive: 4x/4x cd/rw xa/form2 tray
[    2.333561] cdrom: Uniform CD-ROM driver Revision: 3.20
[    2.343872] sr 1:0:0:0: Attached scsi CD-ROM sr0
[    2.344413] sr 1:0:0:0: Attached scsi generic sg1 type 5
[    3.255355] ACPI: \_SB_.LNKC: Enabled at IRQ 11
[    3.624428] e1000 0000:00:03.0 eth0: (PCI:33MHz:32-bit) 52:54:00:12:34:56
[    3.629305] e1000 0000:00:03.0 eth0: Intel(R) PRO/1000 Network Connection
[    3.633829] e1000e: Intel(R) PRO/1000 Network Driver
[    3.636901] e1000e: Copyright(c) 1999 - 2015 Intel Corporation.
[    3.639072] sky2: driver version 1.30
[    3.641461] usbcore: registered new interface driver usblp
[    3.643713] usbcore: registered new interface driver usb-storage
[    3.645892] i8042: PNP: PS/2 Controller [PNP0303:KBD,PNP0f13:MOU] at 0x60,0x64 irq 1,12
[    3.650783] serio: i8042 KBD port at 0x60,0x64 irq 1
[    3.653626] serio: i8042 AUX port at 0x60,0x64 irq 12
[    3.658190] input: AT Translated Set 2 keyboard as /devices/platform/i8042/serio0/input/input1
[    3.663546] rtc_cmos 00:00: RTC can wake from S4
[    3.668691] rtc_cmos 00:00: registered as rtc0
[    3.671363] rtc_cmos 00:00: alarms up to one day, y3k, 114 bytes nvram, hpet irqs
[    3.676308] device-mapper: ioctl: 4.47.0-ioctl (2022-07-28) initialised: dm-devel@redhat.com
[    3.679906] intel_pstate: CPU model not supported
[    3.681925] hid: raw HID events driver (C) Jiri Kosina
[    3.686154] usbcore: registered new interface driver usbhid
[    3.688366] usbhid: USB HID core driver
[    3.692132] Initializing XFRM netlink socket
[    3.693913] NET: Registered PF_INET6 protocol family
[    3.697553] Segment Routing with IPv6
[    3.699321] In-situ OAM (IOAM) with IPv6
[    3.700909] sit: IPv6, IPv4 and MPLS over IPv4 tunneling driver
[    3.703968] NET: Registered PF_PACKET protocol family
[    3.705632] 9pnet: Installing 9P2000 support
[    3.707411] Key type dns_resolver registered
[    3.710160] IPI shorthand broadcast: enabled
[    3.734268] sched_clock: Marking stable (3681963907, 51528229)->(3838428113, -104935977)
[    3.742745] registered taskstats version 1
[    3.743971] Loading compiled-in X.509 certificates
[    3.765699] PM:   Magic number: 15:252:613
[    3.767274] printk: console [netcon0] enabled
[    3.768973] netconsole: network logging started
[    3.771714] cfg80211: Loading compiled-in X.509 certificates for regulatory database
[    3.775897] kworker/u4:2 (52) used greatest stack depth: 28856 bytes left
[    3.781883] cfg80211: Loaded X.509 cert 'sforshee: 00b28ddf47aef9cea7'
[    3.784446] platform regulatory.0: Direct firmware load for regulatory.db failed with error -2
[    3.787839] cfg80211: failed to load regulatory.db
[    3.787886] ALSA device list:
[    3.791546]   No soundcards found.
[    4.308900] input: ImExPS/2 Generic Explorer Mouse as /devices/platform/i8042/serio1/input/input3
[    4.312210] md: Waiting for all devices to be available before autodetect
[    4.314022] md: If you don't use raid, use raid=noautodetect
[    4.315167] md: Autodetecting RAID arrays.
[    4.316062] md: autorun ...
[    4.316623] md: ... autorun DONE.
[    4.323039] EXT4-fs (sda): INFO: recovery required on readonly filesystem
[    4.325175] EXT4-fs (sda): write access will be enabled during recovery
[    4.372851] EXT4-fs (sda): recovery complete
[    4.378580] EXT4-fs (sda): mounted filesystem bb8f5fce-3452-443f-ac6f-a097bb354d63 with ordered data mode. Quota mod.
[    4.381035] VFS: Mounted root (ext4 filesystem) readonly on device 8:0.
[    4.383281] devtmpfs: mounted
[    4.388597] Freeing unused kernel image (initmem) memory: 7580K
[    4.390009] Write protecting the kernel read-only data: 57344k
[    4.391912] Freeing unused kernel image (rodata/data gap) memory: 204K
[    4.472297] x86/mm: Checked W+X mappings: passed, no W+X pages found.
[    4.473525] x86/mm: Checking user space page tables
[    4.550944] x86/mm: Checked W+X mappings: passed, no W+X pages found.
[    4.552594] Run /sbin/init as init process
[    4.553577]   with arguments:
[    4.553580]     /sbin/init
[    4.553583]     nokaslr
[    4.553586]   with environment:
[    4.553588]     HOME=/
[    4.553591]     TERM=linux
[    4.995667] SELinux:  Permission getrlimit in class process not defined in policy.
[    4.997180] SELinux:  Class process2 not defined in policy.
[    4.998534] SELinux:  Permission watch in class filesystem not defined in policy.
[    5.000329] SELinux:  Permission map in class file not defined in policy.
[    5.001930] SELinux:  Permission watch in class file not defined in policy.
[    5.003720] SELinux:  Permission watch_mount in class file not defined in policy.
[    5.005696] SELinux:  Permission watch_sb in class file not defined in policy.
[    5.008029] SELinux:  Permission watch_with_perm in class file not defined in policy.
[    5.010405] SELinux:  Permission watch_reads in class file not defined in policy.
[    5.012765] SELinux:  Permission map in class dir not defined in policy.
[    5.014370] SELinux:  Permission watch in class dir not defined in policy.
[    5.016381] SELinux:  Permission watch_mount in class dir not defined in policy.
[    5.018356] SELinux:  Permission watch_sb in class dir not defined in policy.
[    5.020061] SELinux:  Permission watch_with_perm in class dir not defined in policy.
[    5.021985] SELinux:  Permission watch_reads in class dir not defined in policy.
[    5.024123] SELinux:  Permission map in class lnk_file not defined in policy.
[    5.025988] SELinux:  Permission watch in class lnk_file not defined in policy.
[    5.027872] SELinux:  Permission watch_mount in class lnk_file not defined in policy.
[    5.029996] SELinux:  Permission watch_sb in class lnk_file not defined in policy.
[    5.031833] SELinux:  Permission watch_with_perm in class lnk_file not defined in policy.
[    5.033999] SELinux:  Permission watch_reads in class lnk_file not defined in policy.
[    5.036449] SELinux:  Permission map in class chr_file not defined in policy.
[    5.038222] SELinux:  Permission watch in class chr_file not defined in policy.
[    5.039981] SELinux:  Permission watch_mount in class chr_file not defined in policy.
[    5.042215] SELinux:  Permission watch_sb in class chr_file not defined in policy.
[    5.044062] SELinux:  Permission watch_with_perm in class chr_file not defined in policy.
[    5.046140] SELinux:  Permission watch_reads in class chr_file not defined in policy.
[    5.048523] SELinux:  Permission map in class blk_file not defined in policy.
[    5.050351] SELinux:  Permission watch in class blk_file not defined in policy.
[    5.052132] SELinux:  Permission watch_mount in class blk_file not defined in policy.
[    5.054166] SELinux:  Permission watch_sb in class blk_file not defined in policy.
[    5.056172] SELinux:  Permission watch_with_perm in class blk_file not defined in policy.
[    5.058859] SELinux:  Permission watch_reads in class blk_file not defined in policy.
[    5.060682] SELinux:  Permission map in class sock_file not defined in policy.
[    5.062957] SELinux:  Permission watch in class sock_file not defined in policy.
[    5.064658] SELinux:  Permission watch_mount in class sock_file not defined in policy.
[    5.066785] SELinux:  Permission watch_sb in class sock_file not defined in policy.
[    5.068740] SELinux:  Permission watch_with_perm in class sock_file not defined in policy.
[    5.071150] SELinux:  Permission watch_reads in class sock_file not defined in policy.
[    5.073284] SELinux:  Permission map in class fifo_file not defined in policy.
[    5.075314] SELinux:  Permission watch in class fifo_file not defined in policy.
[    5.077550] SELinux:  Permission watch_mount in class fifo_file not defined in policy.
[    5.079642] SELinux:  Permission watch_sb in class fifo_file not defined in policy.
[    5.081759] SELinux:  Permission watch_with_perm in class fifo_file not defined in policy.
[    5.083677] SELinux:  Permission watch_reads in class fifo_file not defined in policy.
[    5.085659] SELinux:  Permission map in class socket not defined in policy.
[    5.087670] SELinux:  Permission map in class tcp_socket not defined in policy.
[    5.089746] SELinux:  Permission map in class udp_socket not defined in policy.
[    5.091956] SELinux:  Permission map in class rawip_socket not defined in policy.
[    5.094125] SELinux:  Permission map in class netlink_socket not defined in policy.
[    5.096176] SELinux:  Permission map in class packet_socket not defined in policy.
[    5.098209] SELinux:  Permission map in class key_socket not defined in policy.
[    5.100230] SELinux:  Permission map in class unix_stream_socket not defined in policy.
[    5.102118] SELinux:  Permission map in class unix_dgram_socket not defined in policy.
[    5.104048] SELinux:  Permission map in class netlink_route_socket not defined in policy.
[    5.106812] SELinux:  Permission map in class netlink_tcpdiag_socket not defined in policy.
[    5.109125] SELinux:  Permission map in class netlink_nflog_socket not defined in policy.
[    5.111256] SELinux:  Permission map in class netlink_xfrm_socket not defined in policy.
[    5.113403] SELinux:  Permission map in class netlink_selinux_socket not defined in policy.
[    5.115526] SELinux:  Permission map in class netlink_iscsi_socket not defined in policy.
[    5.117516] SELinux:  Permission map in class netlink_audit_socket not defined in policy.
[    5.119429] SELinux:  Permission map in class netlink_fib_lookup_socket not defined in policy.
[    5.122298] SELinux:  Permission map in class netlink_connector_socket not defined in policy.
[    5.125041] SELinux:  Permission map in class netlink_netfilter_socket not defined in policy.
[    5.127677] SELinux:  Permission map in class netlink_dnrt_socket not defined in policy.
[    5.130014] SELinux:  Permission map in class netlink_kobject_uevent_socket not defined in policy.
[    5.132214] SELinux:  Permission map in class netlink_generic_socket not defined in policy.
[    5.134202] SELinux:  Permission map in class netlink_scsitransport_socket not defined in policy.
[    5.136942] SELinux:  Permission map in class netlink_rdma_socket not defined in policy.
[    5.138998] SELinux:  Permission map in class netlink_crypto_socket not defined in policy.
[    5.140716] SELinux:  Permission map in class appletalk_socket not defined in policy.
[    5.142560] SELinux:  Permission map in class dccp_socket not defined in policy.
[    5.144476] SELinux:  Permission perfmon in class capability2 not defined in policy.
[    5.146592] SELinux:  Permission bpf in class capability2 not defined in policy.
[    5.148555] SELinux:  Permission checkpoint_restore in class capability2 not defined in policy.
[    5.150380] SELinux:  Permission map in class tun_socket not defined in policy.
[    5.151923] SELinux:  Permission perfmon in class cap2_userns not defined in policy.
[    5.153894] SELinux:  Permission bpf in class cap2_userns not defined in policy.
[    5.155362] SELinux:  Permission checkpoint_restore in class cap2_userns not defined in policy.
[    5.157249] SELinux:  Class sctp_socket not defined in policy.
[    5.158359] SELinux:  Class icmp_socket not defined in policy.
[    5.159512] SELinux:  Class ax25_socket not defined in policy.
[    5.160751] SELinux:  Class ipx_socket not defined in policy.
[    5.162070] SELinux:  Class netrom_socket not defined in policy.
[    5.163249] SELinux:  Class atmpvc_socket not defined in policy.
[    5.164524] SELinux:  Class x25_socket not defined in policy.
[    5.165807] SELinux:  Class rose_socket not defined in policy.
[    5.168133] SELinux:  Class decnet_socket not defined in policy.
[    5.171039] SELinux:  Class atmsvc_socket not defined in policy.
[    5.173121] SELinux:  Class rds_socket not defined in policy.
[    5.175280] SELinux:  Class irda_socket not defined in policy.
[    5.177991] SELinux:  Class pppox_socket not defined in policy.
[    5.180383] SELinux:  Class llc_socket not defined in policy.
[    5.183100] SELinux:  Class can_socket not defined in policy.
[    5.185317] SELinux:  Class tipc_socket not defined in policy.
[    5.188935] SELinux:  Class bluetooth_socket not defined in policy.
[    5.191570] SELinux:  Class iucv_socket not defined in policy.
[    5.194440] SELinux:  Class rxrpc_socket not defined in policy.
[    5.196813] SELinux:  Class isdn_socket not defined in policy.
[    5.199240] SELinux:  Class phonet_socket not defined in policy.
[    5.201712] SELinux:  Class ieee802154_socket not defined in policy.
[    5.203510] SELinux:  Class caif_socket not defined in policy.
[    5.205426] SELinux:  Class alg_socket not defined in policy.
[    5.207378] SELinux:  Class nfc_socket not defined in policy.
[    5.209605] SELinux:  Class vsock_socket not defined in policy.
[    5.211959] SELinux:  Class kcm_socket not defined in policy.
[    5.214472] SELinux:  Class qipcrtr_socket not defined in policy.
[    5.217087] SELinux:  Class smc_socket not defined in policy.
[    5.219513] SELinux:  Class infiniband_pkey not defined in policy.
[    5.221843] SELinux:  Class infiniband_endport not defined in policy.
[    5.225303] SELinux:  Class bpf not defined in policy.
[    5.227639] SELinux:  Class xdp_socket not defined in policy.
[    5.230066] SELinux:  Class mctp_socket not defined in policy.
[    5.232252] SELinux:  Class perf_event not defined in policy.
[    5.234393] SELinux:  Class anon_inode not defined in policy.
[    5.236363] SELinux:  Class io_uring not defined in policy.
[    5.238088] SELinux:  Class user_namespace not defined in policy.
[    5.240862] SELinux: the above unknown classes and permissions will be allowed
[    5.262251] SELinux:  policy capability network_peer_controls=1
[    5.264145] SELinux:  policy capability open_perms=1
[    5.265621] SELinux:  policy capability extended_socket_class=0
[    5.267801] SELinux:  policy capability always_check_network=0
[    5.269603] SELinux:  policy capability cgroup_seclabel=0
[    5.271737] SELinux:  policy capability nnp_nosuid_transition=0
[    5.274017] SELinux:  policy capability genfs_seclabel_symlinks=0
[    5.276387] SELinux:  policy capability ioctl_skip_cloexec=0
[    5.307970] audit: type=1403 audit(1677987513.117:2): auid=4294967295 ses=4294967295 lsm=selinux res=1
[    5.317180] systemd[1]: Successfully loaded SELinux policy in 688.405ms.
[    5.338200] audit: type=1400 audit(1677987513.147:3): avc:  denied  { associate } for  pid=1 comm="systemd" name="pt1
[    5.355157] systemd[1]: Relabelled /dev and /run in 10.779ms.
[    5.548647] random: crng init done
[    5.574059] systemd[1]: systemd 232 running in system mode. (+PAM +AUDIT +SELINUX +IMA +APPARMOR +SMACK +SYSVINIT +U)
[    5.580294] systemd[1]: Detected virtualization qemu.
[    5.582265] systemd[1]: Detected architecture x86-64.
[    5.590863] systemd[1]: Set hostname to <syzkaller>.
[    5.637954] systemd-debug-g (58) used greatest stack depth: 27144 bytes left
[    5.680648] systemd-sysv-ge (60) used greatest stack depth: 26360 bytes left
[    5.692012] grep (69) used greatest stack depth: 26224 bytes left
[    5.693653] selinux-autorel (64) used greatest stack depth: 25120 bytes left
[    5.791856] systemd[1]: Listening on udev Kernel Socket.
[    5.795451] systemd[1]: Reached target Remote File Systems.
[    5.800740] systemd[1]: Set up automount Arbitrary Executable File Formats File System Automount Point.
[    5.808749] systemd[1]: Started Forward Password Requests to Wall Directory Watch.
[    5.816736] systemd[1]: Listening on udev Control Socket.
[    5.822166] systemd[1]: Started Dispatch Password Requests to Console Directory Watch.
[    5.883206] audit: type=1400 audit(1677987513.692:4): avc:  denied  { audit_read } for  pid=1 comm="systemd" capabil1
[    6.021537] EXT4-fs (sda): re-mounted bb8f5fce-3452-443f-ac6f-a097bb354d63. Quota mode: none.
[    6.225099] audit: type=1107 audit(1677987514.034:5): pid=1 uid=0 auid=4294967295 ses=4294967295 subj=system_u:systee
                exe="/lib/systemd/systemd" sauid=0 hostname=? addr=? terminal=?'
[    6.235370] systemd-journald[81]: Received request to flush runtime journal from PID 1
[    6.683381] e1000: eth0 NIC Link is Up 1000 Mbps Full Duplex, Flow Control: RX
[    6.686818] IPv6: ADDRCONF(NETDEV_CHANGE): eth0: link becomes ready
[    6.871604] audit: type=1107 audit(1677987514.680:6): pid=1 uid=0 auid=4294967295 ses=4294967295 subj=system_u:systee
                exe="/lib/systemd/systemd" sauid=0 hostname=? addr=? terminal=?'
[    6.897562] audit: type=1107 audit(1677987514.681:7): pid=1 uid=0 auid=4294967295 ses=4294967295 subj=system_u:systee
                exe="/lib/systemd/systemd" sauid=0 hostname=? addr=? terminal=?'
[    6.96976] hello_world 1: loading out-of-tree module taints kernel.
[    6.971145] Group Members:
               1- Ouldouz Neysari
               2- Ali Padyav
               3- Kasra Haji Heydari
